// Jest Snapshot v1, https://goo.gl/fbAQLP

exports[`Should render expense list item 1`] = `
<div>
  <Link
    replace={false}
    to="/edit/1"
  >
    <h3>
      GUM
       
    </h3>
  </Link>
  <p>
    $15.00
    -
    January 1st, 1970
  </p>
</div>
`;
