// Jest Snapshot v1, https://goo.gl/fbAQLP

exports[`Should render the expense list itmes 1`] = `
<div>
  <h1>
     Expenses List 
  </h1>
  <ExpenseListItem
    amount={15}
    createdAt={0}
    description="GUM"
    id="1"
    key="1"
    note=""
  />
  <ExpenseListItem
    amount={15000}
    createdAt={-345600000}
    description="Rent"
    id="2"
    key="2"
    note=""
  />
  <ExpenseListItem
    amount={45000}
    createdAt={345600000}
    description="Credit Card"
    id="3"
    key="3"
    note=""
  />
</div>
`;

exports[`should render with expense list with empty items 1`] = `
<div>
  <h1>
     Expenses List 
  </h1>
  <p>
     No Expenses
  </p>
</div>
`;
